I'm sorry, but errors were detected in your script. Please correct the
errors listed below, and try again.


File "game/script.rpy", line 24: expected 'simple_expression' not found.
    show e at with moveinleft
              ^

File "game/script.rpy", line 25: expected 'simple_expression' not found.
    show h at with moveinright
              ^

Ren'Py Version: Ren'Py 8.3.4.24120703
Sat Feb 22 12:39:54 2025
